Archive member included to satisfy reference by file (symbol)

/home/fe16/mt16435/linux/Desktop/appsec/scale-hw/target/lpc1313fbd48/build/lib/libscale.a(scale.o)
                              /tmp/ccDUpV7I.o (scale_gpio_wr)
/home/fe16/mt16435/linux/Desktop/appsec/scale-hw/target/lpc1313fbd48/build/lib/libscale.a(bsp.o)
                              /home/fe16/mt16435/linux/Desktop/appsec/scale-hw/target/lpc1313fbd48/build/lib/libscale.a(scale.o) (scale_conf)
/home/fe16/mt16435/linux/Desktop/appsec/scale-hw/target/lpc1313fbd48/build/lib/libscale.a(lpc13xx.o)
                              /home/fe16/mt16435/linux/Desktop/appsec/scale-hw/target/lpc1313fbd48/build/lib/libscale.a(scale.o) (LPC13XX_SYSCON)
/home/fe16/mt16435/linux/Desktop/appsec/scale-hw/target/lpc1313fbd48/build/lib/libscale.a(crt0.o)
                              (__irq_vector)

Allocating common symbols
Common symbol       size              file

sbox_mascat         0x100             /tmp/ccDUpV7I.o
scale_conf          0x4               /home/fe16/mt16435/linux/Desktop/appsec/scale-hw/target/lpc1313fbd48/build/lib/libscale.a(bsp.o)

Memory Configuration

Name             Origin             Length             Attributes
rom              0x0000000000000000 0x0000000000008000 xr
ram              0x0000000010000000 0x0000000000002000 xrw
*default*        0x0000000000000000 0xffffffffffffffff

Linker script and memory map

LOAD /tmp/ccDUpV7I.o
LOAD /home/fe16/mt16435/linux/Desktop/appsec/scale-hw/target/lpc1313fbd48/build/lib/libscale.a
START GROUP
LOAD /opt/gcc-arm-none-eabi/7-2017-q4-major/bin/../lib/gcc/arm-none-eabi/7.2.1/thumb/v7-m/libgcc.a
LOAD /opt/gcc-arm-none-eabi/7-2017-q4-major/bin/../lib/gcc/arm-none-eabi/7.2.1/../../../../arm-none-eabi/lib/thumb/v7-m/libc.a
END GROUP
                0x0000000000000000                . = 0x0

.text           0x0000000000000000      0xb28
                0x0000000000000000                __head_text = .
 *(.data.__irq_handler)
 .data.__irq_handler
                0x0000000000000000       0x40 /home/fe16/mt16435/linux/Desktop/appsec/scale-hw/target/lpc1313fbd48/build/lib/libscale.a(crt0.o)
                0x0000000000000000                __irq_vector
 *(.text.__irq_handler)
 .text.__irq_handler
                0x0000000000000040       0x48 /home/fe16/mt16435/linux/Desktop/appsec/scale-hw/target/lpc1313fbd48/build/lib/libscale.a(crt0.o)
                0x0000000000000040                __irq_handler_nul
                0x0000000000000042                __irq_handler_rst
 *(.text*)
 .text          0x0000000000000088      0x4dc /tmp/ccDUpV7I.o
                0x0000000000000088                xtime
                0x000000000000009a                mul
                0x00000000000000ba                inv
                0x0000000000000110                sbox
                0x000000000000011c                aes_enc_exp_step
                0x0000000000000198                aes_enc_rnd_key
                0x00000000000001c2                aes_enc_rnd_sub
                0x00000000000001dc                aes_enc_rnd_row
                0x0000000000000210                aes_enc_rnd_mix
                0x000000000000028c                xorArrays
                0x00000000000002a8                xorArrayByte
                0x00000000000002ba                aes_enc
                0x0000000000000450                hexToDec
                0x000000000000045a                _octetstr_rd
                0x000000000000049e                octetstr_rd
                0x00000000000004e0                decToHex
                0x00000000000004fe                octetstr_wr
                0x000000000000055c                aes_init
                0x000000000000055e                aes
 .text.startup  0x0000000000000564       0xbc /tmp/ccDUpV7I.o
                0x0000000000000564                main
 .text          0x0000000000000620      0x4dc /home/fe16/mt16435/linux/Desktop/appsec/scale-hw/target/lpc1313fbd48/build/lib/libscale.a(scale.o)
                0x0000000000000620                scale_delay_us
                0x000000000000063c                scale_delay_ms
                0x0000000000000654                scale_tsc
                0x0000000000000664                scale_gpio_rd
                0x00000000000006a0                scale_gpio_wr
                0x00000000000006f0                scale_uart_rd_avail
                0x0000000000000700                scale_uart_wr_avail
                0x0000000000000710                scale_init
                0x00000000000009c4                scale_uart_rd
                0x00000000000009dc                scale_uart_wr
                0x00000000000009f4                scale_i2c_fsm
                0x0000000000000ae8                scale_i2c_rd
                0x0000000000000af2                scale_i2c_wr
 .text          0x0000000000000afc        0x0 /home/fe16/mt16435/linux/Desktop/appsec/scale-hw/target/lpc1313fbd48/build/lib/libscale.a(bsp.o)
 .text          0x0000000000000afc        0x0 /home/fe16/mt16435/linux/Desktop/appsec/scale-hw/target/lpc1313fbd48/build/lib/libscale.a(lpc13xx.o)
 .text.lpc13xx  0x0000000000000afc        0x8 /home/fe16/mt16435/linux/Desktop/appsec/scale-hw/target/lpc1313fbd48/build/lib/libscale.a(lpc13xx.o)
                0x0000000000000afc                lpc13xx_irq_enable
                0x0000000000000b00                lpc13xx_irq_unable
 .text          0x0000000000000b04        0x0 /home/fe16/mt16435/linux/Desktop/appsec/scale-hw/target/lpc1313fbd48/build/lib/libscale.a(crt0.o)
 .text.__start  0x0000000000000b04        0xa /home/fe16/mt16435/linux/Desktop/appsec/scale-hw/target/lpc1313fbd48/build/lib/libscale.a(crt0.o)
                0x0000000000000b04                __start
 *(.text.*)
 *(.rodata*)
 .rodata        0x0000000000000b0e       0x1a /tmp/ccDUpV7I.o
 *(.rodata.*)
                0x0000000000000b28                . = ALIGN (0x4)
                0x0000000000000b28                __foot_text = .

.glue_7         0x0000000000000b28        0x0
 .glue_7        0x0000000000000b28        0x0 linker stubs

.glue_7t        0x0000000000000b28        0x0
 .glue_7t       0x0000000000000b28        0x0 linker stubs

.vfp11_veneer   0x0000000000000b28        0x0
 .vfp11_veneer  0x0000000000000b28        0x0 linker stubs

.v4_bx          0x0000000000000b28        0x0
 .v4_bx         0x0000000000000b28        0x0 linker stubs

.iplt           0x0000000000000b28        0x0
 .iplt          0x0000000000000b28        0x0 /tmp/ccDUpV7I.o

.rel.dyn        0x0000000000000b28        0x0
 .rel.iplt      0x0000000000000b28        0x0 /tmp/ccDUpV7I.o

.data           0x0000000010000000      0x12c load address 0x0000000000000b30
                0x0000000010000000                __head_data = .
 *(.data)
 .data          0x0000000010000000      0x100 /tmp/ccDUpV7I.o
                0x0000000010000000                rijndael_sbox
 .data          0x0000000010000100        0x4 /home/fe16/mt16435/linux/Desktop/appsec/scale-hw/target/lpc1313fbd48/build/lib/libscale.a(scale.o)
                0x0000000010000100                SCALE_CONF
 .data          0x0000000010000104        0x0 /home/fe16/mt16435/linux/Desktop/appsec/scale-hw/target/lpc1313fbd48/build/lib/libscale.a(bsp.o)
 .data          0x0000000010000104        0x0 /home/fe16/mt16435/linux/Desktop/appsec/scale-hw/target/lpc1313fbd48/build/lib/libscale.a(lpc13xx.o)
 .data          0x0000000010000104        0x0 /home/fe16/mt16435/linux/Desktop/appsec/scale-hw/target/lpc1313fbd48/build/lib/libscale.a(crt0.o)
 *(.data.*)
 .data.lpc13xx  0x0000000010000104       0x28 /home/fe16/mt16435/linux/Desktop/appsec/scale-hw/target/lpc1313fbd48/build/lib/libscale.a(lpc13xx.o)
                0x0000000010000104                LPC13XX_SYSCON
                0x0000000010000108                LPC13XX_IOCON
                0x000000001000010c                LPC13XX_GPIO0
                0x0000000010000110                LPC13XX_GPIO1
                0x0000000010000114                LPC13XX_GPIO2
                0x0000000010000118                LPC13XX_GPIO3
                0x000000001000011c                LPC13XX_UART
                0x0000000010000120                LPC13XX_I2C
                0x0000000010000124                LPC13XX_FMC
                0x0000000010000128                LPC13XX_SYSTICK
                0x000000001000012c                . = ALIGN (0x4)
                0x000000001000012c                __foot_data = .

.igot.plt       0x000000001000012c        0x0 load address 0x0000000000000c5c
 .igot.plt      0x000000001000012c        0x0 /tmp/ccDUpV7I.o

.bss            0x0000000010000130      0x104 load address 0x0000000000000c60
                0x0000000010000130                __head_bss = .
 *(.bss)
 .bss           0x0000000010000130        0x0 /tmp/ccDUpV7I.o
 .bss           0x0000000010000130        0x0 /home/fe16/mt16435/linux/Desktop/appsec/scale-hw/target/lpc1313fbd48/build/lib/libscale.a(scale.o)
 .bss           0x0000000010000130        0x0 /home/fe16/mt16435/linux/Desktop/appsec/scale-hw/target/lpc1313fbd48/build/lib/libscale.a(bsp.o)
 .bss           0x0000000010000130        0x0 /home/fe16/mt16435/linux/Desktop/appsec/scale-hw/target/lpc1313fbd48/build/lib/libscale.a(lpc13xx.o)
 .bss           0x0000000010000130        0x0 /home/fe16/mt16435/linux/Desktop/appsec/scale-hw/target/lpc1313fbd48/build/lib/libscale.a(crt0.o)
 *(.bss.*)
                0x0000000010000130                . = ALIGN (0x4)
                0x0000000010000130                __foot_bss = .
 COMMON         0x0000000010000130      0x100 /tmp/ccDUpV7I.o
                0x0000000010000130                sbox_mascat
 COMMON         0x0000000010000230        0x4 /home/fe16/mt16435/linux/Desktop/appsec/scale-hw/target/lpc1313fbd48/build/lib/libscale.a(bsp.o)
                0x0000000010000230                scale_conf
                [!provide]                        PROVIDE (__load_text, LOADADDR (.text))
                0x0000000000000b30                PROVIDE (__load_data, LOADADDR (.data))
                0x0000000000000c60                PROVIDE (__load_bss, LOADADDR (.bss))
                0x0000000010002000                PROVIDE (__tos, (ORIGIN (ram) + LENGTH (ram)))
OUTPUT(target.elf elf32-littlearm)

.comment        0x0000000000000000       0x7e
 .comment       0x0000000000000000       0x7e /tmp/ccDUpV7I.o
                                         0x7f (size before relaxing)
 .comment       0x000000000000007e       0x7f /home/fe16/mt16435/linux/Desktop/appsec/scale-hw/target/lpc1313fbd48/build/lib/libscale.a(scale.o)
 .comment       0x000000000000007e       0x7f /home/fe16/mt16435/linux/Desktop/appsec/scale-hw/target/lpc1313fbd48/build/lib/libscale.a(bsp.o)

.ARM.attributes
                0x0000000000000000       0x31
 .ARM.attributes
                0x0000000000000000       0x33 /tmp/ccDUpV7I.o
 .ARM.attributes
                0x0000000000000033       0x33 /home/fe16/mt16435/linux/Desktop/appsec/scale-hw/target/lpc1313fbd48/build/lib/libscale.a(scale.o)
 .ARM.attributes
                0x0000000000000066       0x33 /home/fe16/mt16435/linux/Desktop/appsec/scale-hw/target/lpc1313fbd48/build/lib/libscale.a(bsp.o)
 .ARM.attributes
                0x0000000000000099       0x21 /home/fe16/mt16435/linux/Desktop/appsec/scale-hw/target/lpc1313fbd48/build/lib/libscale.a(lpc13xx.o)
 .ARM.attributes
                0x00000000000000ba       0x21 /home/fe16/mt16435/linux/Desktop/appsec/scale-hw/target/lpc1313fbd48/build/lib/libscale.a(crt0.o)
